<?xml version="1.0" encoding="UTF-8"?>
<TestRun id="f9ca598e-9f57-4bc2-8822-57ee983c9616" name="sduarte@S015-P06 2016-11-16 09:47:42" runUser="0670086E\sduarte" xmlns="http://microsoft.com/schemas/VisualStudio/TeamTest/2010">
  <TestSettings name="Local" id="02b3b4c5-8979-44a4-b16f-c3e99d0da1c1">
    <Description>Il s'agit des paramètres de test par défaut pour une série de tests locale.</Description>
    <Deployment enabled="false" runDeploymentRoot="sduarte_S015-P06 2016-11-16 09_47_42">
      <DeploymentItem filename="F:\BTS SIO\2ème année\1er semestre\Slam4\CsAddition\CsAddition\bin\Debug\CsAddition.exe" />
    </Deployment>
    <Execution>
      <TestTypeSpecific />
      <AgentRule name="Execution Agents">
      </AgentRule>
    </Execution>
  </TestSettings>
  <Times creation="2016-11-16T09:47:42.4180294+01:00" queuing="2016-11-16T09:47:42.5610437+01:00" start="2016-11-16T09:47:42.5660442+01:00" finish="2016-11-16T09:47:42.9070783+01:00" />
  <ResultSummary outcome="Warning">
    <Counters total="1" executed="1" passed="1" error="0" failed="0" timeout="0" aborted="0" inconclusive="0" passedButRunAborted="0" notRunnable="0" notExecuted="0" disconnected="0" warning="0" completed="0" inProgress="0" pending="0" />
    <RunInfos>
      <RunInfo computerName="S015-P06" outcome="Warning" timestamp="2016-11-16T09:47:42.5590435+01:00">
        <Text>Le déploiement est actuellement désactivé. L'élément de déploiement 'CsAddition.exe' sur le test 'TestVb.calcTest.additionTest4' n'a pas été déployé.</Text>
      </RunInfo>
    </RunInfos>
  </ResultSummary>
  <TestDefinitions>
    <UnitTest name="additionTest4" storage="f:\bts sio\2ème année\1er semestre\slam4\csaddition\testvb\bin\debug\testvb.dll" id="7011bca7-e4d8-b66a-9ef3-8d88abf0255f">
      <DeploymentItems>
        <DeploymentItem filename="CsAddition.exe" />
      </DeploymentItems>
      <Execution id="74552483-a819-4360-a10e-f119c563ac9d" />
      <TestMethod codeBase="F:/BTS SIO/2ème année/1er semestre/Slam4/CsAddition/TestVb/bin/Debug/TestVb.DLL" adapterTypeName="Microsoft.VisualStudio.TestTools.TestTypes.Unit.UnitTestAdapter, Microsoft.VisualStudio.QualityTools.Tips.UnitTest.Adapter, Version=10.0.0.0, Culture=neutral, PublicKeyToken=b03f5f7f11d50a3a" className="TestVb.calcTest, TestVb, Version=1.0.0.0, Culture=neutral, PublicKeyToken=null" name="additionTest4" />
    </UnitTest>
  </TestDefinitions>
  <TestLists>
    <TestList name="Les résultats ne figurent pas dans une liste" id="8c84fa94-04c1-424b-9868-57a2d4851a1d" />
    <TestList name="Tous les résultats chargés" id="19431567-8539-422a-85d7-44ee4e166bda" />
  </TestLists>
  <TestEntries>
    <TestEntry testId="7011bca7-e4d8-b66a-9ef3-8d88abf0255f" executionId="74552483-a819-4360-a10e-f119c563ac9d" testListId="8c84fa94-04c1-424b-9868-57a2d4851a1d" />
  </TestEntries>
  <Results>
    <UnitTestResult executionId="74552483-a819-4360-a10e-f119c563ac9d" testId="7011bca7-e4d8-b66a-9ef3-8d88abf0255f" testName="additionTest4" computerName="S015-P06" duration="00:00:00.0220569" startTime="2016-11-16T09:47:42.6340510+01:00" endTime="2016-11-16T09:47:42.8330709+01:00" testType="13cdc9d9-ddb5-4fa4-a97d-d965ccfc6d4b" outcome="Passed" testListId="8c84fa94-04c1-424b-9868-57a2d4851a1d" relativeResultsDirectory="74552483-a819-4360-a10e-f119c563ac9d">
    </UnitTestResult>
  </Results>
</TestRun>